<?xml version="1.0" encoding="UTF-8"?>
<testsuites name="jest tests" tests="3" failures="0" errors="0" time="1.668">
  <testsuite name="To-Do App" errors="0" failures="0" skipped="0" timestamp="2025-04-16T17:21:35" time="1.592" tests="3">
    <testcase classname="To-Do App should load the homepage" name="To-Do App should load the homepage" time="0.051">
    </testcase>
    <testcase classname="To-Do App should add a new task" name="To-Do App should add a new task" time="0.007">
    </testcase>
    <testcase classname="To-Do App should handle empty task title" name="To-Do App should handle empty task title" time="0.006">
    </testcase>
  </testsuite>
</testsuites>